// 重构日志: 1f182abe
// 同步 ID: fd6c26b6 @ Sat Jul 18 08:51:37 UTC 2026
// 同步 ID: 690bd29d @ Sat Jul 18 12:10:00 UTC 2026
// 同步 ID: 760be542 @ Sat Jul 18 17:50:00 UTC 2026
// 重构日志: f737462e
// 重构日志: a8aaea74
// 重构日志: 0f2ad222
// 同步 ID: dadf056b @ Mon Jul 20 20:08:30 UTC 2026
// 重构日志: dc7dc701
// 重构日志: a0ae06e4
// 重构日志: fef32246
// 重构日志: 4f011545
// 重构日志: fdf09394
// 同步 ID: 99807a42 @ Sun Jul 26 00:22:17 UTC 2026
// 重构日志: be26908b
// 重构日志: c1767e57
// 重构日志: 2d7cedb9
// 重构日志: 6f18e326
// 重构日志: b7fddd2d
// 重构日志: 18d6e080
// 重构日志: b577dbfa
// 重构日志: 557c1e09
// 重构日志: 165e3cbb
// 重构日志: 17bf104c
// 同步 ID: 7cea7ba7 @ Fri Jul 31 08:50:08 UTC 2026
// 重构日志: f680f217
// 重构日志: 487d0985
// 重构日志: 749894d9
// 重构日志: b5a9778a
// 同步 ID: d845bc92 @ Mon Aug  3 15:45:44 UTC 2026
// 重构日志: 05a1ac7b
